
> Configure project :app
WARNING: The option setting 'android.disallowKotlinSourceSets=false' is experimental.
The current default is 'true'.

> Task :app:stripLibboxAar UP-TO-DATE
> Task :app:preBuild UP-TO-DATE
> Task :app:preReleaseBuild UP-TO-DATE
> Task :app:checkReleaseDuplicateClasses UP-TO-DATE
> Task :app:compileReleaseAidl UP-TO-DATE
> Task :app:generateReleaseResources UP-TO-DATE
> Task :app:packageReleaseResources UP-TO-DATE
> Task :app:processReleaseNavigationResources UP-TO-DATE
> Task :app:parseReleaseLocalResources UP-TO-DATE
> Task :app:generateReleaseRFile UP-TO-DATE
> Task :app:kspReleaseKotlin
> Task :app:compileReleaseKotlin
> Task :app:javaPreCompileRelease UP-TO-DATE
> Task :app:compileReleaseJavaWithJavac UP-TO-DATE
> Task :app:mergeReleaseArtProfile UP-TO-DATE
> Task :app:checkReleaseAarMetadata UP-TO-DATE
> Task :app:compileReleaseNavigationResources UP-TO-DATE
> Task :app:mapReleaseSourceSetPaths UP-TO-DATE
> Task :app:mergeReleaseResources UP-TO-DATE
> Task :app:createReleaseCompatibleScreenManifests UP-TO-DATE
> Task :app:extractDeepLinksRelease UP-TO-DATE
> Task :app:processReleaseMainManifest UP-TO-DATE
> Task :app:processReleaseManifest UP-TO-DATE
> Task :app:processReleaseManifestForPackage UP-TO-DATE
> Task :app:processReleaseResources UP-TO-DATE
> Task :app:expandReleaseArtProfileWildcards
> Task :app:extractProguardFiles UP-TO-DATE
> Task :app:mergeReleaseGeneratedProguardFiles UP-TO-DATE
> Task :app:processReleaseJavaRes UP-TO-DATE
> Task :app:mergeReleaseJavaResource UP-TO-DATE
> Task :app:mergeReleaseStartupProfile UP-TO-DATE
> Task :app:minifyReleaseWithR8
> Task :app:compileReleaseArtProfile
> Task :app:generateReleaseAssets UP-TO-DATE
> Task :app:mergeReleaseAssets UP-TO-DATE
> Task :app:compressReleaseAssets UP-TO-DATE
> Task :app:extractReleaseVersionControlInfo UP-TO-DATE
> Task :app:generateReleaseLintVitalReportModel
> Task :app:lintVitalAnalyzeRelease
> Task :app:lintVitalReportRelease UP-TO-DATE
> Task :app:lintVitalRelease
> Task :app:convertShrunkResourcesToBinaryRelease UP-TO-DATE
> Task :app:optimizeReleaseResources UP-TO-DATE
> Task :app:collectReleaseDependencies UP-TO-DATE
> Task :app:sdkReleaseDependencyData UP-TO-DATE
> Task :app:mergeReleaseJniLibFolders UP-TO-DATE
> Task :app:mergeReleaseNativeLibs UP-TO-DATE
> Task :app:stripReleaseDebugSymbols UP-TO-DATE
> Task :app:validateSigningRelease UP-TO-DATE
> Task :app:writeReleaseAppMetadata UP-TO-DATE
> Task :app:writeReleaseSigningConfigVersions UP-TO-DATE
> Task :app:packageRelease
> Task :app:createReleaseApkListingFileRedirect UP-TO-DATE

> Task :app:installRelease
Installing APK 'app-arm64-v8a-release.apk, app-arm64-v8a-release.dm' on 'PJZ110 - 16' for :app:release
Installed on 1 device.

[Incubating] Problems report is available at: file:///C:/Users/33039/Desktop/KunBox/build/reports/problems/problems-report.html

Deprecated Gradle features were used in this build, making it incompatible with Gradle 10.

You can use '--warning-mode all' to show the individual deprecation warnings and determine if they come from your own scripts or plugins.

For more on this, please refer to https://docs.gradle.org/9.2.1/userguide/command_line_interface.html#sec:command_line_warnings in the Gradle documentation.

BUILD SUCCESSFUL in 46s
51 actionable tasks: 10 executed, 41 up-to-date
